2024-08-17 22:49:27.056 [info] Experiment 'pythonCreateEnvOnPipInstall' is active
2024-08-17 22:49:27.056 [info] Experiment 'pythonRecommendTensorboardExt' is active
2024-08-17 22:49:27.056 [info] Experiment 'pythonTerminalEnvVarActivation' is active
2024-08-17 22:49:27.056 [info] Experiment 'pythonTestAdapter' is active
2024-08-17 22:49:27.056 [error] Reading directory to watch failed [Error: ENOENT: no such file or directory, scandir '/root/workspace/github.com/Admiral-Kizaru/bookbot/.pixi/envs'
	at Object.readdirSync (node:fs:1509:26)
	at /root/.vscode-server/extensions/ms-python.python-2024.12.3-linux-x64/out/client/extension.js:2:586747
	at /root/.vscode-server/extensions/ms-python.python-2024.12.3-linux-x64/out/client/extension.js:2:586938
	at Array.map (<anonymous>)
	at d.initWatchers (/root/.vscode-server/extensions/ms-python.python-2024.12.3-linux-x64/out/client/extension.js:2:586656)
	at process.processTicksAndRejections (node:internal/process/task_queues:95:5)
	at async d.ensureWatchersReady (/root/.vscode-server/extensions/ms-python.python-2024.12.3-linux-x64/out/client/extension.js:2:543067)] {
  errno: -2,
  code: 'ENOENT',
  syscall: 'scandir',
  path: '/root/workspace/github.com/Admiral-Kizaru/bookbot/.pixi/envs'
}
2024-08-17 22:49:27.056 [error] Dir "/root/workspace/github.com/Admiral-Kizaru/bookbot/.pixi/envs" is not watchable (directory does not exist)
2024-08-17 22:49:27.056 [info] Default formatter is set to null for workspace /root/workspace/github.com/Admiral-Kizaru/bookbot
2024-08-17 22:49:27.056 [info] Python interpreter path: /bin/python3
2024-08-17 22:49:27.333 [info] > pyenv which python
2024-08-17 22:49:27.333 [info] cwd: .
2024-08-17 22:49:27.453 [info] > pixi --version
2024-08-17 22:49:27.454 [error] [Error: spawn pixi ENOENT
	at ChildProcess._handle.onexit (node:internal/child_process:286:19)
	at onErrorNT (node:internal/child_process:484:16)
	at process.processTicksAndRejections (node:internal/process/task_queues:82:21)] {
  errno: -2,
  code: 'ENOENT',
  syscall: 'spawn pixi',
  path: 'pixi',
  spawnargs: [ '--version' ]
}
2024-08-17 22:49:27.454 [warning] could not find a pixi interpreter for the interpreter at /bin/python3
2024-08-17 22:49:31.928 [info] Starting Pylance language server.
2024-08-17 22:51:21.291 [info] CreateEnv Trigger - Skipping for /root/workspace/github.com/Admiral-Kizaru/bookbot/main.py
2024-08-17 22:51:21.390 [info] Send text to terminal: /bin/python3 /root/workspace/github.com/Admiral-Kizaru/bookbot/main.py
2024-08-17 22:51:21.522 [info] Discover tests for workspace name: bookbot - uri: /root/workspace/github.com/Admiral-Kizaru/bookbot/main.py
2024-08-17 22:51:41.676 [info] Send text to terminal: /bin/python3 /root/workspace/github.com/Admiral-Kizaru/bookbot/main.py
2024-08-17 22:55:14.454 [info] Send text to terminal: /bin/python3 /root/workspace/github.com/Admiral-Kizaru/bookbot/main.py
2024-08-17 22:55:47.375 [info] Send text to terminal: /bin/python3 /root/workspace/github.com/Admiral-Kizaru/bookbot/main.py
2024-08-17 22:55:47.617 [info] Discover tests for workspace name: bookbot - uri: /root/workspace/github.com/Admiral-Kizaru/bookbot/main.py
2024-08-17 22:56:50.658 [info] Send text to terminal:  /usr/bin/env /bin/python3 /root/.vscode-server/extensions/ms-python.debugpy-2024.8.0-linux-x64/bundled/libs/debugpy/adapter/../../debugpy/launcher 44599 -- /root/workspace/github.com/Admiral-Kizaru/bookbot/main.py 
