2024-08-14 18:06:29.254 [info] Log level: Info
2024-08-14 18:06:29.254 [info] Validating found git in: "git"
2024-08-14 18:06:29.254 [info] Using git "2.34.1" from "git"
2024-08-14 18:06:29.254 [info] > git rev-parse --show-toplevel [3ms]
2024-08-14 18:06:29.254 [info] > git rev-parse --git-dir --git-common-dir [4ms]
2024-08-14 18:06:29.254 [info] Open repository: /root
2024-08-14 18:06:29.256 [info] > git config --get commit.template [2ms]
2024-08-14 18:06:29.264 [info] > git for-each-ref --format=%(refname)%00%(upstream:short)%00%(objectname)%00%(upstream:track)%00%(upstream:remotename)%00%(upstream:remoteref) refs/heads/new-branch-name refs/remotes/new-branch-name [5ms]
2024-08-14 18:06:29.294 [info] > git rev-parse --show-toplevel [31ms]
2024-08-14 18:06:29.324 [info] > git rev-parse --show-toplevel [24ms]
2024-08-14 18:06:29.332 [info] > git rev-parse --show-toplevel [1ms]
2024-08-14 18:06:29.339 [info] > git rev-parse --show-toplevel [2ms]
2024-08-14 18:06:29.346 [info] > git rev-parse --show-toplevel [2ms]
2024-08-14 18:06:29.353 [info] > git rev-parse --show-toplevel [2ms]
2024-08-14 18:06:29.359 [info] > git rev-parse --show-toplevel [3ms]
2024-08-14 18:06:29.365 [info] > git rev-parse --git-dir --git-common-dir [2ms]
2024-08-14 18:06:29.369 [info] Open repository: /root/bootdev
2024-08-14 18:06:29.380 [info] > git config --get commit.template [6ms]
2024-08-14 18:06:29.381 [info] > git rev-parse --show-toplevel [3ms]
2024-08-14 18:06:29.389 [info] > git rev-parse --show-toplevel [2ms]
2024-08-14 18:06:29.402 [info] > git for-each-ref --format=%(refname)%00%(upstream:short)%00%(objectname)%00%(upstream:track)%00%(upstream:remotename)%00%(upstream:remoteref) refs/heads/main refs/remotes/main [16ms]
2024-08-14 18:06:29.408 [warning] ENOENT: no such file or directory, open '/root/bootdev/.git/refs/remotes/origin/main'
2024-08-14 18:06:29.412 [info] > git rev-parse --show-toplevel [20ms]
2024-08-14 18:06:29.413 [info] > git rev-parse refs/remotes/origin/main [5ms]
2024-08-14 18:06:29.424 [info] > git status -z -uall [8ms]
2024-08-14 18:06:29.441 [info] > git for-each-ref --format=%(refname)%00%(upstream:short)%00%(objectname)%00%(upstream:track)%00%(upstream:remotename)%00%(upstream:remoteref) refs/heads/main refs/remotes/main [13ms]
2024-08-14 18:06:29.446 [info] > git rev-parse --show-toplevel [22ms]
2024-08-14 18:06:29.451 [info] > git config --get commit.template [11ms]
2024-08-14 18:06:29.452 [info] > git rev-parse --show-toplevel [3ms]
2024-08-14 18:06:29.456 [info] > git config --local branch.main.vscode-merge-base [11ms]
2024-08-14 18:06:29.491 [info] > git for-each-ref --format=%(refname)%00%(upstream:short)%00%(objectname)%00%(upstream:track)%00%(upstream:remotename)%00%(upstream:remoteref) refs/heads/main refs/remotes/main [25ms]
2024-08-14 18:06:29.492 [info] > git for-each-ref --format=%(refname)%00%(upstream:short)%00%(objectname)%00%(upstream:track)%00%(upstream:remotename)%00%(upstream:remoteref) refs/heads/origin/main refs/remotes/origin/main [32ms]
2024-08-14 18:06:29.500 [warning] ENOENT: no such file or directory, open '/root/bootdev/.git/refs/remotes/origin/main'
2024-08-14 18:06:29.501 [info] > git merge-base refs/heads/main refs/remotes/origin/main [4ms]
2024-08-14 18:06:29.506 [info] > git rev-parse refs/remotes/origin/main [6ms]
2024-08-14 18:06:29.510 [info] > git rev-list --count --left-right refs/heads/main...refs/remotes/origin/main [6ms]
2024-08-14 18:06:29.517 [info] > git status -z -uall [8ms]
2024-08-14 18:06:29.525 [info] > git for-each-ref --format=%(refname)%00%(upstream:short)%00%(objectname)%00%(upstream:track)%00%(upstream:remotename)%00%(upstream:remoteref) refs/heads/main refs/remotes/main [4ms]
2024-08-14 18:06:29.528 [info] > git diff --name-status -z --diff-filter=ADMR 071eb59a1bbd9b7d38ada1ae1bad02853ae95b29...refs/remotes/origin/main [14ms]
2024-08-14 18:06:29.530 [info] > git config --local branch.main.vscode-merge-base [2ms]
2024-08-14 18:06:29.535 [info] > git for-each-ref --format=%(refname)%00%(upstream:short)%00%(objectname)%00%(upstream:track)%00%(upstream:remotename)%00%(upstream:remoteref) refs/heads/origin/main refs/remotes/origin/main [2ms]
2024-08-14 18:06:29.581 [info] > git status -z -uall [311ms]
2024-08-14 18:06:29.626 [info] > git for-each-ref --format=%(refname)%00%(upstream:short)%00%(objectname)%00%(upstream:track)%00%(upstream:remotename)%00%(upstream:remoteref) refs/heads/new-branch-name refs/remotes/new-branch-name [36ms]
2024-08-14 18:06:29.630 [info] > git config --get commit.template [6ms]
2024-08-14 18:06:29.634 [info] > git config --local branch.new-branch-name.vscode-merge-base [5ms]
2024-08-14 18:06:29.634 [warning] git config failed: Failed to execute git
2024-08-14 18:06:29.647 [info] > git for-each-ref --format=%(refname)%00%(upstream:short)%00%(objectname)%00%(upstream:track)%00%(upstream:remotename)%00%(upstream:remoteref) refs/heads/new-branch-name refs/remotes/new-branch-name [14ms]
2024-08-14 18:06:29.652 [info] > git reflog new-branch-name --grep-reflog=branch: Created from *. [14ms]
2024-08-14 18:06:29.665 [info] > git reflog HEAD --grep-reflog=checkout: moving from .* to new-branch-name [11ms]
2024-08-14 18:06:29.670 [info] > git for-each-ref --format=%(refname)%00%(upstream:short)%00%(objectname)%00%(upstream:track)%00%(upstream:remotename)%00%(upstream:remoteref) refs/heads/add_classics refs/remotes/add_classics [2ms]
2024-08-14 18:06:29.675 [info] > git symbolic-ref --short refs/remotes/origin/HEAD [2ms]
2024-08-14 18:06:29.675 [info] fatal: ref refs/remotes/origin/HEAD is not a symbolic ref
2024-08-14 18:06:29.842 [info] > git status -z -uall [192ms]
2024-08-14 18:06:29.870 [info] > git for-each-ref --format=%(refname)%00%(upstream:short)%00%(objectname)%00%(upstream:track)%00%(upstream:remotename)%00%(upstream:remoteref) refs/heads/new-branch-name refs/remotes/new-branch-name [22ms]
2024-08-14 18:06:29.875 [info] > git config --local branch.new-branch-name.vscode-merge-base [1ms]
2024-08-14 18:06:29.876 [warning] git config failed: Failed to execute git
2024-08-14 18:06:29.882 [info] > git reflog new-branch-name --grep-reflog=branch: Created from *. [2ms]
2024-08-14 18:06:29.887 [info] > git reflog HEAD --grep-reflog=checkout: moving from .* to new-branch-name [3ms]
2024-08-14 18:06:29.892 [info] > git for-each-ref --format=%(refname)%00%(upstream:short)%00%(objectname)%00%(upstream:track)%00%(upstream:remotename)%00%(upstream:remoteref) refs/heads/add_classics refs/remotes/add_classics [2ms]
2024-08-14 18:06:29.907 [info] > git symbolic-ref --short refs/remotes/origin/HEAD [12ms]
2024-08-14 18:06:29.907 [info] fatal: ref refs/remotes/origin/HEAD is not a symbolic ref
2024-08-14 18:06:29.910 [info] > git check-ignore -v -z --stdin [4ms]
2024-08-14 18:06:29.923 [info] > git check-ignore -v -z --stdin [24ms]
2024-08-14 18:06:34.189 [info] > git config --get commit.template [1ms]
2024-08-14 18:06:34.192 [info] > git for-each-ref --format=%(refname)%00%(upstream:short)%00%(objectname)%00%(upstream:track)%00%(upstream:remotename)%00%(upstream:remoteref) refs/heads/new-branch-name refs/remotes/new-branch-name [1ms]
2024-08-14 18:06:34.253 [info] > git status -z -uall [60ms]
2024-08-14 18:06:34.270 [info] > git for-each-ref --format=%(refname)%00%(upstream:short)%00%(objectname)%00%(upstream:track)%00%(upstream:remotename)%00%(upstream:remoteref) refs/heads/new-branch-name refs/remotes/new-branch-name [13ms]
2024-08-14 18:06:34.274 [info] > git config --local branch.new-branch-name.vscode-merge-base [2ms]
2024-08-14 18:06:34.274 [warning] git config failed: Failed to execute git
2024-08-14 18:06:34.278 [info] > git reflog new-branch-name --grep-reflog=branch: Created from *. [2ms]
2024-08-14 18:06:34.281 [info] > git reflog HEAD --grep-reflog=checkout: moving from .* to new-branch-name [2ms]
2024-08-14 18:06:34.284 [info] > git for-each-ref --format=%(refname)%00%(upstream:short)%00%(objectname)%00%(upstream:track)%00%(upstream:remotename)%00%(upstream:remoteref) refs/heads/add_classics refs/remotes/add_classics [1ms]
2024-08-14 18:06:34.286 [info] > git symbolic-ref --short refs/remotes/origin/HEAD [1ms]
2024-08-14 18:06:34.286 [info] fatal: ref refs/remotes/origin/HEAD is not a symbolic ref
2024-08-14 18:06:39.271 [info] > git config --get commit.template [3ms]
2024-08-14 18:06:39.271 [info] > git for-each-ref --format=%(refname)%00%(upstream:short)%00%(objectname)%00%(upstream:track)%00%(upstream:remotename)%00%(upstream:remoteref) refs/heads/new-branch-name refs/remotes/new-branch-name [1ms]
2024-08-14 18:06:39.329 [info] > git status -z -uall [56ms]
2024-08-14 18:06:39.341 [info] > git for-each-ref --format=%(refname)%00%(upstream:short)%00%(objectname)%00%(upstream:track)%00%(upstream:remotename)%00%(upstream:remoteref) refs/heads/new-branch-name refs/remotes/new-branch-name [8ms]
2024-08-14 18:06:39.344 [info] > git config --local branch.new-branch-name.vscode-merge-base [0ms]
2024-08-14 18:06:39.344 [warning] git config failed: Failed to execute git
2024-08-14 18:06:39.348 [info] > git reflog new-branch-name --grep-reflog=branch: Created from *. [3ms]
2024-08-14 18:06:39.352 [info] > git reflog HEAD --grep-reflog=checkout: moving from .* to new-branch-name [2ms]
2024-08-14 18:06:39.354 [info] > git for-each-ref --format=%(refname)%00%(upstream:short)%00%(objectname)%00%(upstream:track)%00%(upstream:remotename)%00%(upstream:remoteref) refs/heads/add_classics refs/remotes/add_classics [1ms]
2024-08-14 18:06:39.357 [info] > git symbolic-ref --short refs/remotes/origin/HEAD [1ms]
2024-08-14 18:06:39.357 [info] fatal: ref refs/remotes/origin/HEAD is not a symbolic ref
2024-08-14 18:06:44.345 [info] > git config --get commit.template [2ms]
2024-08-14 18:06:44.346 [info] > git for-each-ref --format=%(refname)%00%(upstream:short)%00%(objectname)%00%(upstream:track)%00%(upstream:remotename)%00%(upstream:remoteref) refs/heads/new-branch-name refs/remotes/new-branch-name [1ms]
2024-08-14 18:06:44.400 [info] > git status -z -uall [52ms]
2024-08-14 18:06:44.410 [info] > git for-each-ref --format=%(refname)%00%(upstream:short)%00%(objectname)%00%(upstream:track)%00%(upstream:remotename)%00%(upstream:remoteref) refs/heads/new-branch-name refs/remotes/new-branch-name [7ms]
2024-08-14 18:06:44.413 [info] > git config --local branch.new-branch-name.vscode-merge-base [1ms]
2024-08-14 18:06:44.413 [warning] git config failed: Failed to execute git
2024-08-14 18:06:44.417 [info] > git reflog new-branch-name --grep-reflog=branch: Created from *. [2ms]
2024-08-14 18:06:44.421 [info] > git reflog HEAD --grep-reflog=checkout: moving from .* to new-branch-name [2ms]
2024-08-14 18:06:44.424 [info] > git for-each-ref --format=%(refname)%00%(upstream:short)%00%(objectname)%00%(upstream:track)%00%(upstream:remotename)%00%(upstream:remoteref) refs/heads/add_classics refs/remotes/add_classics [1ms]
2024-08-14 18:06:44.427 [info] > git symbolic-ref --short refs/remotes/origin/HEAD [2ms]
2024-08-14 18:06:44.427 [info] fatal: ref refs/remotes/origin/HEAD is not a symbolic ref
2024-08-14 18:06:49.417 [info] > git config --get commit.template [2ms]
2024-08-14 18:06:49.417 [info] > git for-each-ref --format=%(refname)%00%(upstream:short)%00%(objectname)%00%(upstream:track)%00%(upstream:remotename)%00%(upstream:remoteref) refs/heads/new-branch-name refs/remotes/new-branch-name [1ms]
2024-08-14 18:06:49.471 [info] > git status -z -uall [52ms]
2024-08-14 18:06:49.484 [info] > git for-each-ref --format=%(refname)%00%(upstream:short)%00%(objectname)%00%(upstream:track)%00%(upstream:remotename)%00%(upstream:remoteref) refs/heads/new-branch-name refs/remotes/new-branch-name [9ms]
2024-08-14 18:06:49.488 [info] > git config --local branch.new-branch-name.vscode-merge-base [1ms]
2024-08-14 18:06:49.488 [warning] git config failed: Failed to execute git
2024-08-14 18:06:49.492 [info] > git reflog new-branch-name --grep-reflog=branch: Created from *. [2ms]
2024-08-14 18:06:49.496 [info] > git reflog HEAD --grep-reflog=checkout: moving from .* to new-branch-name [2ms]
2024-08-14 18:06:49.499 [info] > git for-each-ref --format=%(refname)%00%(upstream:short)%00%(objectname)%00%(upstream:track)%00%(upstream:remotename)%00%(upstream:remoteref) refs/heads/add_classics refs/remotes/add_classics [1ms]
2024-08-14 18:06:49.501 [info] > git symbolic-ref --short refs/remotes/origin/HEAD [1ms]
2024-08-14 18:06:49.501 [info] fatal: ref refs/remotes/origin/HEAD is not a symbolic ref
2024-08-14 18:06:57.201 [info] > git config --get commit.template [4ms]
2024-08-14 18:06:57.202 [info] > git for-each-ref --format=%(refname)%00%(upstream:short)%00%(objectname)%00%(upstream:track)%00%(upstream:remotename)%00%(upstream:remoteref) refs/heads/new-branch-name refs/remotes/new-branch-name [2ms]
2024-08-14 18:06:57.259 [info] > git status -z -uall [56ms]
2024-08-14 18:06:57.273 [info] > git for-each-ref --format=%(refname)%00%(upstream:short)%00%(objectname)%00%(upstream:track)%00%(upstream:remotename)%00%(upstream:remoteref) refs/heads/new-branch-name refs/remotes/new-branch-name [9ms]
2024-08-14 18:06:57.279 [info] > git config --local branch.new-branch-name.vscode-merge-base [1ms]
2024-08-14 18:06:57.279 [warning] git config failed: Failed to execute git
2024-08-14 18:06:57.285 [info] > git reflog new-branch-name --grep-reflog=branch: Created from *. [4ms]
2024-08-14 18:06:57.289 [info] > git reflog HEAD --grep-reflog=checkout: moving from .* to new-branch-name [2ms]
2024-08-14 18:06:57.292 [info] > git for-each-ref --format=%(refname)%00%(upstream:short)%00%(objectname)%00%(upstream:track)%00%(upstream:remotename)%00%(upstream:remoteref) refs/heads/add_classics refs/remotes/add_classics [1ms]
2024-08-14 18:06:57.296 [info] > git symbolic-ref --short refs/remotes/origin/HEAD [1ms]
2024-08-14 18:06:57.296 [info] fatal: ref refs/remotes/origin/HEAD is not a symbolic ref
2024-08-14 18:07:02.279 [info] > git config --get commit.template [4ms]
2024-08-14 18:07:02.279 [info] > git for-each-ref --format=%(refname)%00%(upstream:short)%00%(objectname)%00%(upstream:track)%00%(upstream:remotename)%00%(upstream:remoteref) refs/heads/new-branch-name refs/remotes/new-branch-name [1ms]
2024-08-14 18:07:02.342 [info] > git status -z -uall [61ms]
2024-08-14 18:07:02.354 [info] > git for-each-ref --format=%(refname)%00%(upstream:short)%00%(objectname)%00%(upstream:track)%00%(upstream:remotename)%00%(upstream:remoteref) refs/heads/new-branch-name refs/remotes/new-branch-name [8ms]
2024-08-14 18:07:02.358 [info] > git config --local branch.new-branch-name.vscode-merge-base [1ms]
2024-08-14 18:07:02.358 [warning] git config failed: Failed to execute git
2024-08-14 18:07:02.362 [info] > git reflog new-branch-name --grep-reflog=branch: Created from *. [2ms]
2024-08-14 18:07:02.366 [info] > git reflog HEAD --grep-reflog=checkout: moving from .* to new-branch-name [2ms]
2024-08-14 18:07:02.369 [info] > git for-each-ref --format=%(refname)%00%(upstream:short)%00%(objectname)%00%(upstream:track)%00%(upstream:remotename)%00%(upstream:remoteref) refs/heads/add_classics refs/remotes/add_classics [1ms]
2024-08-14 18:07:02.372 [info] > git symbolic-ref --short refs/remotes/origin/HEAD [1ms]
2024-08-14 18:07:02.372 [info] fatal: ref refs/remotes/origin/HEAD is not a symbolic ref
2024-08-14 18:07:07.359 [info] > git config --get commit.template [2ms]
2024-08-14 18:07:07.359 [info] > git for-each-ref --format=%(refname)%00%(upstream:short)%00%(objectname)%00%(upstream:track)%00%(upstream:remotename)%00%(upstream:remoteref) refs/heads/new-branch-name refs/remotes/new-branch-name [1ms]
2024-08-14 18:07:07.415 [info] > git status -z -uall [53ms]
2024-08-14 18:07:07.425 [info] > git for-each-ref --format=%(refname)%00%(upstream:short)%00%(objectname)%00%(upstream:track)%00%(upstream:remotename)%00%(upstream:remoteref) refs/heads/new-branch-name refs/remotes/new-branch-name [7ms]
2024-08-14 18:07:07.428 [info] > git config --local branch.new-branch-name.vscode-merge-base [1ms]
2024-08-14 18:07:07.429 [warning] git config failed: Failed to execute git
2024-08-14 18:07:07.433 [info] > git reflog new-branch-name --grep-reflog=branch: Created from *. [3ms]
2024-08-14 18:07:07.437 [info] > git reflog HEAD --grep-reflog=checkout: moving from .* to new-branch-name [2ms]
2024-08-14 18:07:07.440 [info] > git for-each-ref --format=%(refname)%00%(upstream:short)%00%(objectname)%00%(upstream:track)%00%(upstream:remotename)%00%(upstream:remoteref) refs/heads/add_classics refs/remotes/add_classics [1ms]
2024-08-14 18:07:07.443 [info] > git symbolic-ref --short refs/remotes/origin/HEAD [1ms]
2024-08-14 18:07:07.444 [info] fatal: ref refs/remotes/origin/HEAD is not a symbolic ref
2024-08-14 18:07:12.430 [info] > git config --get commit.template [2ms]
2024-08-14 18:07:12.431 [info] > git for-each-ref --format=%(refname)%00%(upstream:short)%00%(objectname)%00%(upstream:track)%00%(upstream:remotename)%00%(upstream:remoteref) refs/heads/new-branch-name refs/remotes/new-branch-name [1ms]
2024-08-14 18:07:12.486 [info] > git status -z -uall [52ms]
2024-08-14 18:07:12.497 [info] > git for-each-ref --format=%(refname)%00%(upstream:short)%00%(objectname)%00%(upstream:track)%00%(upstream:remotename)%00%(upstream:remoteref) refs/heads/new-branch-name refs/remotes/new-branch-name [8ms]
2024-08-14 18:07:12.500 [info] > git config --local branch.new-branch-name.vscode-merge-base [1ms]
2024-08-14 18:07:12.500 [warning] git config failed: Failed to execute git
2024-08-14 18:07:12.504 [info] > git reflog new-branch-name --grep-reflog=branch: Created from *. [2ms]
2024-08-14 18:07:12.508 [info] > git reflog HEAD --grep-reflog=checkout: moving from .* to new-branch-name [2ms]
2024-08-14 18:07:12.511 [info] > git for-each-ref --format=%(refname)%00%(upstream:short)%00%(objectname)%00%(upstream:track)%00%(upstream:remotename)%00%(upstream:remoteref) refs/heads/add_classics refs/remotes/add_classics [1ms]
2024-08-14 18:07:12.514 [info] > git symbolic-ref --short refs/remotes/origin/HEAD [1ms]
2024-08-14 18:07:12.514 [info] fatal: ref refs/remotes/origin/HEAD is not a symbolic ref
2024-08-14 18:07:17.503 [info] > git config --get commit.template [3ms]
2024-08-14 18:07:17.503 [info] > git for-each-ref --format=%(refname)%00%(upstream:short)%00%(objectname)%00%(upstream:track)%00%(upstream:remotename)%00%(upstream:remoteref) refs/heads/new-branch-name refs/remotes/new-branch-name [1ms]
2024-08-14 18:07:17.560 [info] > git status -z -uall [56ms]
2024-08-14 18:07:17.570 [info] > git for-each-ref --format=%(refname)%00%(upstream:short)%00%(objectname)%00%(upstream:track)%00%(upstream:remotename)%00%(upstream:remoteref) refs/heads/new-branch-name refs/remotes/new-branch-name [6ms]
2024-08-14 18:07:17.573 [info] > git config --local branch.new-branch-name.vscode-merge-base [1ms]
2024-08-14 18:07:17.573 [warning] git config failed: Failed to execute git
2024-08-14 18:07:17.578 [info] > git reflog new-branch-name --grep-reflog=branch: Created from *. [3ms]
2024-08-14 18:07:17.584 [info] > git reflog HEAD --grep-reflog=checkout: moving from .* to new-branch-name [3ms]
2024-08-14 18:07:17.587 [info] > git for-each-ref --format=%(refname)%00%(upstream:short)%00%(objectname)%00%(upstream:track)%00%(upstream:remotename)%00%(upstream:remoteref) refs/heads/add_classics refs/remotes/add_classics [1ms]
2024-08-14 18:07:17.591 [info] > git symbolic-ref --short refs/remotes/origin/HEAD [1ms]
2024-08-14 18:07:17.591 [info] fatal: ref refs/remotes/origin/HEAD is not a symbolic ref
2024-08-14 18:07:22.578 [info] > git config --get commit.template [2ms]
2024-08-14 18:07:22.578 [info] > git for-each-ref --format=%(refname)%00%(upstream:short)%00%(objectname)%00%(upstream:track)%00%(upstream:remotename)%00%(upstream:remoteref) refs/heads/new-branch-name refs/remotes/new-branch-name [1ms]
2024-08-14 18:07:22.642 [info] > git status -z -uall [62ms]
2024-08-14 18:07:22.654 [info] > git for-each-ref --format=%(refname)%00%(upstream:short)%00%(objectname)%00%(upstream:track)%00%(upstream:remotename)%00%(upstream:remoteref) refs/heads/new-branch-name refs/remotes/new-branch-name [8ms]
2024-08-14 18:07:22.658 [info] > git config --local branch.new-branch-name.vscode-merge-base [1ms]
2024-08-14 18:07:22.658 [warning] git config failed: Failed to execute git
2024-08-14 18:07:22.665 [info] > git reflog new-branch-name --grep-reflog=branch: Created from *. [5ms]
2024-08-14 18:07:22.670 [info] > git reflog HEAD --grep-reflog=checkout: moving from .* to new-branch-name [3ms]
2024-08-14 18:07:22.675 [info] > git for-each-ref --format=%(refname)%00%(upstream:short)%00%(objectname)%00%(upstream:track)%00%(upstream:remotename)%00%(upstream:remoteref) refs/heads/add_classics refs/remotes/add_classics [1ms]
2024-08-14 18:07:22.683 [info] > git symbolic-ref --short refs/remotes/origin/HEAD [5ms]
2024-08-14 18:07:22.683 [info] fatal: ref refs/remotes/origin/HEAD is not a symbolic ref
