2024-08-14 18:07:26.648 [info] Log level: Info
2024-08-14 18:07:26.648 [info] Validating found git in: "git"
2024-08-14 18:07:26.648 [info] Using git "2.34.1" from "git"
2024-08-14 18:07:26.648 [info] > git rev-parse --show-toplevel [3ms]
2024-08-14 18:07:26.648 [info] > git rev-parse --git-dir --git-common-dir [4ms]
2024-08-14 18:07:26.648 [info] Open repository: /root/workspace/github.com/Admiral-Kizaru/bookbot
2024-08-14 18:07:26.649 [info] > git config --get commit.template [2ms]
2024-08-14 18:07:26.655 [info] > git for-each-ref --format=%(refname)%00%(upstream:short)%00%(objectname)%00%(upstream:track)%00%(upstream:remotename)%00%(upstream:remoteref) refs/heads/main refs/remotes/main [3ms]
2024-08-14 18:07:26.658 [warning] ENOENT: no such file or directory, open '/root/workspace/github.com/Admiral-Kizaru/bookbot/.git/refs/remotes/origin/main'
2024-08-14 18:07:26.678 [info] > git rev-parse refs/remotes/origin/main [19ms]
2024-08-14 18:07:26.699 [info] > git status -z -uall [18ms]
2024-08-14 18:07:26.714 [info] > git for-each-ref --format=%(refname)%00%(upstream:short)%00%(objectname)%00%(upstream:track)%00%(upstream:remotename)%00%(upstream:remoteref) refs/heads/main refs/remotes/main [11ms]
2024-08-14 18:07:26.722 [info] > git config --get commit.template [9ms]
2024-08-14 18:07:26.726 [info] > git config --local branch.main.vscode-merge-base [4ms]
2024-08-14 18:07:26.726 [warning] git config failed: Failed to execute git
2024-08-14 18:07:26.736 [info] > git for-each-ref --format=%(refname)%00%(upstream:short)%00%(objectname)%00%(upstream:track)%00%(upstream:remotename)%00%(upstream:remoteref) refs/heads/main refs/remotes/main [2ms]
2024-08-14 18:07:26.737 [info] > git reflog main --grep-reflog=branch: Created from *. [7ms]
2024-08-14 18:07:26.741 [warning] ENOENT: no such file or directory, open '/root/workspace/github.com/Admiral-Kizaru/bookbot/.git/refs/remotes/origin/main'
2024-08-14 18:07:26.742 [info] > git symbolic-ref --short refs/remotes/origin/HEAD [4ms]
2024-08-14 18:07:26.747 [info] > git rev-parse refs/remotes/origin/main [7ms]
2024-08-14 18:07:26.752 [info] > git for-each-ref --format=%(refname)%00%(upstream:short)%00%(objectname)%00%(upstream:track)%00%(upstream:remotename)%00%(upstream:remoteref) refs/heads/origin/main refs/remotes/origin/main [7ms]
2024-08-14 18:07:26.757 [info] > git status -z -uall [6ms]
2024-08-14 18:07:26.768 [info] > git for-each-ref --format=%(refname)%00%(upstream:short)%00%(objectname)%00%(upstream:track)%00%(upstream:remotename)%00%(upstream:remoteref) refs/heads/main refs/remotes/main [7ms]
2024-08-14 18:07:26.771 [info] > git config --local branch.main.vscode-merge-base origin/main [15ms]
2024-08-14 18:07:26.775 [info] > git config --local branch.main.vscode-merge-base [5ms]
2024-08-14 18:07:26.778 [info] > git config --get commit.template [4ms]
2024-08-14 18:07:26.779 [info] > git for-each-ref --format=%(refname)%00%(upstream:short)%00%(objectname)%00%(upstream:track)%00%(upstream:remotename)%00%(upstream:remoteref) refs/heads/origin/main refs/remotes/origin/main [2ms]
2024-08-14 18:07:26.786 [info] > git merge-base refs/heads/main refs/remotes/origin/main [4ms]
2024-08-14 18:07:26.789 [info] > git for-each-ref --format=%(refname)%00%(upstream:short)%00%(objectname)%00%(upstream:track)%00%(upstream:remotename)%00%(upstream:remoteref) refs/heads/main refs/remotes/main [4ms]
2024-08-14 18:07:26.790 [info] > git rev-list --count --left-right refs/heads/main...refs/remotes/origin/main [2ms]
2024-08-14 18:07:26.794 [warning] ENOENT: no such file or directory, open '/root/workspace/github.com/Admiral-Kizaru/bookbot/.git/refs/remotes/origin/main'
2024-08-14 18:07:26.795 [info] > git diff --name-status -z --diff-filter=ADMR 8239e314018ad9fbfabe5da4961657dcea81ab43...refs/remotes/origin/main [3ms]
2024-08-14 18:07:26.796 [info] > git rev-parse refs/remotes/origin/main [2ms]
2024-08-14 18:07:26.800 [info] > git status -z -uall [2ms]
2024-08-14 18:07:26.805 [info] > git for-each-ref --format=%(refname)%00%(upstream:short)%00%(objectname)%00%(upstream:track)%00%(upstream:remotename)%00%(upstream:remoteref) refs/heads/main refs/remotes/main [2ms]
2024-08-14 18:07:26.808 [info] > git config --local branch.main.vscode-merge-base [1ms]
2024-08-14 18:07:26.812 [info] > git for-each-ref --format=%(refname)%00%(upstream:short)%00%(objectname)%00%(upstream:track)%00%(upstream:remotename)%00%(upstream:remoteref) refs/heads/origin/main refs/remotes/origin/main [1ms]
2024-08-14 18:07:27.180 [info] > git check-ignore -v -z --stdin [1ms]
2024-08-14 18:07:27.849 [info] > git config --get commit.template [3ms]
2024-08-14 18:07:27.849 [info] > git for-each-ref --format=%(refname)%00%(upstream:short)%00%(objectname)%00%(upstream:track)%00%(upstream:remotename)%00%(upstream:remoteref) refs/heads/main refs/remotes/main [1ms]
2024-08-14 18:07:27.851 [warning] ENOENT: no such file or directory, open '/root/workspace/github.com/Admiral-Kizaru/bookbot/.git/refs/remotes/origin/main'
2024-08-14 18:07:27.852 [info] > git rev-parse refs/remotes/origin/main [1ms]
2024-08-14 18:07:27.855 [info] > git status -z -uall [1ms]
2024-08-14 18:07:27.859 [info] > git for-each-ref --format=%(refname)%00%(upstream:short)%00%(objectname)%00%(upstream:track)%00%(upstream:remotename)%00%(upstream:remoteref) refs/heads/main refs/remotes/main [2ms]
2024-08-14 18:07:27.863 [info] > git config --local branch.main.vscode-merge-base [2ms]
2024-08-14 18:07:27.866 [info] > git for-each-ref --format=%(refname)%00%(upstream:short)%00%(objectname)%00%(upstream:track)%00%(upstream:remotename)%00%(upstream:remoteref) refs/heads/origin/main refs/remotes/origin/main [1ms]
2024-08-14 18:07:29.467 [info] > git show --textconv :README.md [4ms]
2024-08-14 18:07:29.468 [info] > git ls-files --stage -- /root/workspace/github.com/Admiral-Kizaru/bookbot/README.md [2ms]
2024-08-14 18:07:29.474 [info] > git cat-file -s ea1e36c41fb9e71cfd39490a6dbd725ae01e5c55 [3ms]
2024-08-14 19:24:54.112 [info] > git config --get commit.template [14ms]
2024-08-14 19:24:54.115 [info] > git for-each-ref --format=%(refname)%00%(upstream:short)%00%(objectname)%00%(upstream:track)%00%(upstream:remotename)%00%(upstream:remoteref) refs/heads/main refs/remotes/main [18ms]
2024-08-14 19:24:54.117 [warning] ENOENT: no such file or directory, open '/root/workspace/github.com/Admiral-Kizaru/bookbot/.git/refs/remotes/origin/main'
2024-08-14 19:24:54.119 [info] > git rev-parse refs/remotes/origin/main [2ms]
2024-08-14 19:24:54.125 [info] > git status -z -uall [4ms]
2024-08-14 19:24:54.139 [info] > git for-each-ref --format=%(refname)%00%(upstream:short)%00%(objectname)%00%(upstream:track)%00%(upstream:remotename)%00%(upstream:remoteref) refs/heads/main refs/remotes/main [5ms]
2024-08-14 19:24:54.143 [info] > git config --local branch.main.vscode-merge-base [1ms]
2024-08-14 19:24:54.150 [info] > git for-each-ref --format=%(refname)%00%(upstream:short)%00%(objectname)%00%(upstream:track)%00%(upstream:remotename)%00%(upstream:remoteref) refs/heads/origin/main refs/remotes/origin/main [3ms]
2024-08-14 19:26:19.643 [info] > git merge-base refs/heads/main refs/remotes/origin/main [2ms]
2024-08-14 19:26:19.647 [info] > git rev-list --count --left-right refs/heads/main...refs/remotes/origin/main [1ms]
