2024-08-12 21:49:44.122 [info] Log level: Info
2024-08-12 21:49:44.122 [info] Validating found git in: "git"
2024-08-12 21:49:44.122 [info] Using git "2.34.1" from "git"
2024-08-12 21:49:44.122 [info] > git rev-parse --show-toplevel [6ms]
2024-08-12 21:49:44.150 [info] > git rev-parse --git-dir --git-common-dir [3ms]
2024-08-12 21:49:44.157 [info] Open repository: /root
2024-08-12 21:49:44.168 [info] > git config --get commit.template [6ms]
2024-08-12 21:49:44.169 [info] > git rev-parse --show-toplevel [4ms]
2024-08-12 21:49:44.172 [info] > git for-each-ref --format=%(refname)%00%(upstream:short)%00%(objectname)%00%(upstream:track)%00%(upstream:remotename)%00%(upstream:remoteref) refs/heads/new-branch-name refs/remotes/new-branch-name [6ms]
2024-08-12 21:49:44.196 [info] > git rev-parse --show-toplevel [24ms]
2024-08-12 21:49:44.212 [info] > git rev-parse --show-toplevel [13ms]
2024-08-12 21:49:44.215 [info] > git rev-parse --show-toplevel [1ms]
2024-08-12 21:49:44.219 [info] > git rev-parse --show-toplevel [1ms]
2024-08-12 21:49:44.222 [info] > git rev-parse --show-toplevel [1ms]
2024-08-12 21:49:44.226 [info] > git rev-parse --show-toplevel [2ms]
2024-08-12 21:49:44.231 [info] > git rev-parse --git-dir --git-common-dir [4ms]
2024-08-12 21:49:44.233 [info] Open repository: /root/bootdev
2024-08-12 21:49:44.240 [info] > git config --get commit.template [3ms]
2024-08-12 21:49:44.241 [info] > git rev-parse --show-toplevel [2ms]
2024-08-12 21:49:44.251 [info] > git rev-parse --show-toplevel [5ms]
2024-08-12 21:49:44.255 [info] > git for-each-ref --format=%(refname)%00%(upstream:short)%00%(objectname)%00%(upstream:track)%00%(upstream:remotename)%00%(upstream:remoteref) refs/heads/main refs/remotes/main [12ms]
2024-08-12 21:49:44.258 [warning] ENOENT: no such file or directory, open '/root/bootdev/.git/refs/remotes/origin/main'
2024-08-12 21:49:44.258 [info] > git rev-parse --show-toplevel [4ms]
2024-08-12 21:49:44.261 [info] > git rev-parse refs/remotes/origin/main [3ms]
2024-08-12 21:49:44.263 [info] > git rev-parse --show-toplevel [3ms]
2024-08-12 21:49:44.266 [info] > git status -z -uall [4ms]
2024-08-12 21:49:44.280 [info] > git for-each-ref --format=%(refname)%00%(upstream:short)%00%(objectname)%00%(upstream:track)%00%(upstream:remotename)%00%(upstream:remoteref) refs/heads/main refs/remotes/main [9ms]
2024-08-12 21:49:44.283 [info] > git rev-parse --show-toplevel [18ms]
2024-08-12 21:49:44.289 [info] > git config --local branch.main.vscode-merge-base [5ms]
2024-08-12 21:49:44.289 [warning] git config failed: Failed to execute git
2024-08-12 21:49:44.291 [info] > git config --get commit.template [12ms]
2024-08-12 21:49:44.295 [info] > git reflog main --grep-reflog=branch: Created from *. [3ms]
2024-08-12 21:49:44.297 [info] > git for-each-ref --format=%(refname)%00%(upstream:short)%00%(objectname)%00%(upstream:track)%00%(upstream:remotename)%00%(upstream:remoteref) refs/heads/main refs/remotes/main [3ms]
2024-08-12 21:49:44.299 [warning] ENOENT: no such file or directory, open '/root/bootdev/.git/refs/remotes/origin/main'
2024-08-12 21:49:44.299 [info] > git symbolic-ref --short refs/remotes/origin/HEAD [3ms]
2024-08-12 21:49:44.302 [info] > git rev-parse refs/remotes/origin/main [3ms]
2024-08-12 21:49:44.305 [info] > git for-each-ref --format=%(refname)%00%(upstream:short)%00%(objectname)%00%(upstream:track)%00%(upstream:remotename)%00%(upstream:remoteref) refs/heads/origin/main refs/remotes/origin/main [4ms]
2024-08-12 21:49:44.308 [info] > git status -z -uall [4ms]
2024-08-12 21:49:44.314 [info] > git for-each-ref --format=%(refname)%00%(upstream:short)%00%(objectname)%00%(upstream:track)%00%(upstream:remotename)%00%(upstream:remoteref) refs/heads/main refs/remotes/main [2ms]
2024-08-12 21:49:44.317 [info] > git config --local branch.main.vscode-merge-base origin/main [10ms]
2024-08-12 21:49:44.322 [info] > git config --local branch.main.vscode-merge-base [5ms]
2024-08-12 21:49:44.325 [info] > git config --get commit.template [4ms]
2024-08-12 21:49:44.326 [info] > git for-each-ref --format=%(refname)%00%(upstream:short)%00%(objectname)%00%(upstream:track)%00%(upstream:remotename)%00%(upstream:remoteref) refs/heads/origin/main refs/remotes/origin/main [2ms]
2024-08-12 21:49:44.341 [info] > git for-each-ref --format=%(refname)%00%(upstream:short)%00%(objectname)%00%(upstream:track)%00%(upstream:remotename)%00%(upstream:remoteref) refs/heads/main refs/remotes/main [8ms]
2024-08-12 21:49:44.341 [info] > git merge-base refs/heads/main refs/remotes/origin/main [11ms]
2024-08-12 21:49:44.345 [warning] ENOENT: no such file or directory, open '/root/bootdev/.git/refs/remotes/origin/main'
2024-08-12 21:49:44.346 [info] > git rev-list --count --left-right refs/heads/main...refs/remotes/origin/main [3ms]
2024-08-12 21:49:44.349 [info] > git rev-parse refs/remotes/origin/main [5ms]
2024-08-12 21:49:44.352 [info] > git diff --name-status -z --diff-filter=ADMR 071eb59a1bbd9b7d38ada1ae1bad02853ae95b29...refs/remotes/origin/main [4ms]
2024-08-12 21:49:44.354 [info] > git status -z -uall [2ms]
2024-08-12 21:49:44.360 [info] > git for-each-ref --format=%(refname)%00%(upstream:short)%00%(objectname)%00%(upstream:track)%00%(upstream:remotename)%00%(upstream:remoteref) refs/heads/main refs/remotes/main [2ms]
2024-08-12 21:49:44.363 [info] > git config --local branch.main.vscode-merge-base [1ms]
2024-08-12 21:49:44.368 [info] > git for-each-ref --format=%(refname)%00%(upstream:short)%00%(objectname)%00%(upstream:track)%00%(upstream:remotename)%00%(upstream:remoteref) refs/heads/origin/main refs/remotes/origin/main [2ms]
2024-08-12 21:49:44.579 [info] > git status -z -uall [403ms]
2024-08-12 21:49:44.611 [info] > git for-each-ref --format=%(refname)%00%(upstream:short)%00%(objectname)%00%(upstream:track)%00%(upstream:remotename)%00%(upstream:remoteref) refs/heads/new-branch-name refs/remotes/new-branch-name [26ms]
2024-08-12 21:49:44.614 [info] > git config --get commit.template [3ms]
2024-08-12 21:49:44.614 [info] > git config --local branch.new-branch-name.vscode-merge-base [1ms]
2024-08-12 21:49:44.614 [warning] git config failed: Failed to execute git
2024-08-12 21:49:44.620 [info] > git for-each-ref --format=%(refname)%00%(upstream:short)%00%(objectname)%00%(upstream:track)%00%(upstream:remotename)%00%(upstream:remoteref) refs/heads/new-branch-name refs/remotes/new-branch-name [1ms]
2024-08-12 21:49:44.622 [info] > git reflog new-branch-name --grep-reflog=branch: Created from *. [6ms]
2024-08-12 21:49:44.631 [info] > git reflog HEAD --grep-reflog=checkout: moving from .* to new-branch-name [7ms]
2024-08-12 21:49:44.641 [info] > git for-each-ref --format=%(refname)%00%(upstream:short)%00%(objectname)%00%(upstream:track)%00%(upstream:remotename)%00%(upstream:remoteref) refs/heads/add_classics refs/remotes/add_classics [7ms]
2024-08-12 21:49:44.646 [info] > git symbolic-ref --short refs/remotes/origin/HEAD [2ms]
2024-08-12 21:49:44.646 [info] fatal: ref refs/remotes/origin/HEAD is not a symbolic ref
2024-08-12 21:49:44.841 [info] > git status -z -uall [220ms]
2024-08-12 21:49:44.874 [info] > git check-ignore -v -z --stdin [2ms]
2024-08-12 21:49:44.875 [info] > git for-each-ref --format=%(refname)%00%(upstream:short)%00%(objectname)%00%(upstream:track)%00%(upstream:remotename)%00%(upstream:remoteref) refs/heads/new-branch-name refs/remotes/new-branch-name [25ms]
2024-08-12 21:49:44.880 [info] > git config --local branch.new-branch-name.vscode-merge-base [2ms]
2024-08-12 21:49:44.880 [warning] git config failed: Failed to execute git
2024-08-12 21:49:44.886 [info] > git reflog new-branch-name --grep-reflog=branch: Created from *. [2ms]
2024-08-12 21:49:44.888 [info] > git check-ignore -v -z --stdin [20ms]
2024-08-12 21:49:44.891 [info] > git reflog HEAD --grep-reflog=checkout: moving from .* to new-branch-name [3ms]
2024-08-12 21:49:44.894 [info] > git for-each-ref --format=%(refname)%00%(upstream:short)%00%(objectname)%00%(upstream:track)%00%(upstream:remotename)%00%(upstream:remoteref) refs/heads/add_classics refs/remotes/add_classics [1ms]
2024-08-12 21:49:44.898 [info] > git symbolic-ref --short refs/remotes/origin/HEAD [1ms]
2024-08-12 21:49:44.898 [info] fatal: ref refs/remotes/origin/HEAD is not a symbolic ref
2024-08-12 21:49:48.186 [info] > git check-ignore -v -z --stdin [4ms]
2024-08-12 21:50:59.901 [info] > git show --textconv :workspace/meep [24ms]
2024-08-12 21:50:59.902 [info] > git ls-files --stage -- /root/workspace/meep [22ms]
2024-08-12 21:51:00.120 [info] > git check-ignore -v -z --stdin [5ms]
2024-08-12 21:51:00.734 [info] > git config --get commit.template [3ms]
2024-08-12 21:51:00.740 [info] > git for-each-ref --format=%(refname)%00%(upstream:short)%00%(objectname)%00%(upstream:track)%00%(upstream:remotename)%00%(upstream:remoteref) refs/heads/new-branch-name refs/remotes/new-branch-name [7ms]
2024-08-12 21:51:01.418 [info] > git status -z -uall [675ms]
2024-08-12 21:51:01.446 [info] > git for-each-ref --format=%(refname)%00%(upstream:short)%00%(objectname)%00%(upstream:track)%00%(upstream:remotename)%00%(upstream:remoteref) refs/heads/new-branch-name refs/remotes/new-branch-name [17ms]
2024-08-12 21:51:01.451 [info] > git config --local branch.new-branch-name.vscode-merge-base [0ms]
2024-08-12 21:51:01.451 [warning] git config failed: Failed to execute git
2024-08-12 21:51:01.458 [info] > git reflog new-branch-name --grep-reflog=branch: Created from *. [5ms]
2024-08-12 21:51:01.464 [info] > git reflog HEAD --grep-reflog=checkout: moving from .* to new-branch-name [3ms]
2024-08-12 21:51:01.475 [info] > git for-each-ref --format=%(refname)%00%(upstream:short)%00%(objectname)%00%(upstream:track)%00%(upstream:remotename)%00%(upstream:remoteref) refs/heads/add_classics refs/remotes/add_classics [8ms]
2024-08-12 21:51:01.485 [info] > git symbolic-ref --short refs/remotes/origin/HEAD [2ms]
2024-08-12 21:51:01.485 [info] fatal: ref refs/remotes/origin/HEAD is not a symbolic ref
2024-08-12 21:51:58.889 [info] > git config --get commit.template [5ms]
2024-08-12 21:51:58.889 [info] > git for-each-ref --format=%(refname)%00%(upstream:short)%00%(objectname)%00%(upstream:track)%00%(upstream:remotename)%00%(upstream:remoteref) refs/heads/new-branch-name refs/remotes/new-branch-name [1ms]
2024-08-12 21:51:58.949 [info] > git status -z -uall [56ms]
2024-08-12 21:51:58.966 [info] > git for-each-ref --format=%(refname)%00%(upstream:short)%00%(objectname)%00%(upstream:track)%00%(upstream:remotename)%00%(upstream:remoteref) refs/heads/new-branch-name refs/remotes/new-branch-name [10ms]
2024-08-12 21:51:58.969 [info] > git config --local branch.new-branch-name.vscode-merge-base [1ms]
2024-08-12 21:51:58.969 [warning] git config failed: Failed to execute git
2024-08-12 21:51:58.972 [info] > git reflog new-branch-name --grep-reflog=branch: Created from *. [1ms]
2024-08-12 21:51:58.975 [info] > git reflog HEAD --grep-reflog=checkout: moving from .* to new-branch-name [2ms]
2024-08-12 21:51:58.980 [info] > git for-each-ref --format=%(refname)%00%(upstream:short)%00%(objectname)%00%(upstream:track)%00%(upstream:remotename)%00%(upstream:remoteref) refs/heads/add_classics refs/remotes/add_classics [3ms]
2024-08-12 21:51:58.983 [info] > git symbolic-ref --short refs/remotes/origin/HEAD [1ms]
2024-08-12 21:51:58.983 [info] fatal: ref refs/remotes/origin/HEAD is not a symbolic ref
