2024-08-17 22:49:27.358 [info] [main] Log level: Info
2024-08-17 22:49:27.358 [info] [main] Validating found git in: "git"
2024-08-17 22:49:27.571 [info] [main] Using git "2.34.1" from "git"
2024-08-17 22:49:27.571 [info] [Model][doInitialScan] Initial repository scan started
2024-08-17 22:49:27.677 [info] > git rev-parse --show-toplevel [76ms]
2024-08-17 22:49:27.682 [info] > git rev-parse --git-dir --git-common-dir [1ms]
2024-08-17 22:49:27.700 [info] [Model][openRepository] Opened repository: /root/workspace/github.com/Admiral-Kizaru/bookbot
2024-08-17 22:49:27.720 [info] > git rev-parse --show-toplevel [10ms]
2024-08-17 22:49:27.722 [info] [Model][doInitialScan] Initial repository scan completed - repositories (1), closed repositories (0), parent repositories (0), unsafe repositories (0)
2024-08-17 22:49:27.723 [info] > git config --get commit.template [15ms]
2024-08-17 22:49:27.876 [info] > git for-each-ref --format=%(refname)%00%(upstream:short)%00%(objectname)%00%(upstream:track)%00%(upstream:remotename)%00%(upstream:remoteref) refs/heads/main refs/remotes/main [148ms]
2024-08-17 22:49:27.922 [info] > git status -z -uall [34ms]
2024-08-17 22:49:27.935 [info] > git for-each-ref --format=%(refname)%00%(upstream:short)%00%(objectname)%00%(upstream:track)%00%(upstream:remotename)%00%(upstream:remoteref) refs/heads/main refs/remotes/main [8ms]
2024-08-17 22:49:27.940 [info] > git config --get commit.template [4ms]
2024-08-17 22:49:27.941 [info] > git config --local branch.main.vscode-merge-base [2ms]
2024-08-17 22:49:27.950 [info] > git for-each-ref --format=%(refname)%00%(upstream:short)%00%(objectname)%00%(upstream:track)%00%(upstream:remotename)%00%(upstream:remoteref) refs/heads/main refs/remotes/main [2ms]
2024-08-17 22:49:27.956 [info] > git status -z -uall [2ms]
2024-08-17 22:49:27.964 [info] > git for-each-ref --format=%(refname)%00%(upstream:short)%00%(objectname)%00%(upstream:track)%00%(upstream:remotename)%00%(upstream:remoteref) refs/heads/main refs/remotes/main [4ms]
2024-08-17 22:49:27.968 [info] > git config --local branch.main.vscode-merge-base [2ms]
2024-08-17 22:49:27.976 [info] > git for-each-ref --format=%(refname)%00%(upstream:short)%00%(objectname)%00%(upstream:track)%00%(upstream:remotename)%00%(upstream:remoteref) refs/heads/origin/main refs/remotes/origin/main [31ms]
2024-08-17 22:49:27.986 [info] > git for-each-ref --format=%(refname)%00%(upstream:short)%00%(objectname)%00%(upstream:track)%00%(upstream:remotename)%00%(upstream:remoteref) refs/heads/origin/main refs/remotes/origin/main [11ms]
2024-08-17 22:49:27.993 [info] > git merge-base refs/heads/main refs/remotes/origin/main [9ms]
2024-08-17 22:49:28.009 [info] > git rev-list --count --left-right refs/heads/main...refs/remotes/origin/main [12ms]
2024-08-17 22:49:28.014 [info] > git diff --name-status -z --diff-filter=ADMR 38f1e1c8c3f1ea194b3029a9270a7ae00a40f051...refs/remotes/origin/main [2ms]
2024-08-17 22:49:28.478 [info] > git check-ignore -v -z --stdin [122ms]
2024-08-17 22:49:31.345 [info] > git fetch [3645ms]
2024-08-17 22:49:31.933 [info] > git config --get commit.template [584ms]
2024-08-17 22:49:31.940 [info] > git for-each-ref --format=%(refname)%00%(upstream:short)%00%(objectname)%00%(upstream:track)%00%(upstream:remotename)%00%(upstream:remoteref) refs/heads/main refs/remotes/main [5ms]
2024-08-17 22:49:32.417 [info] > git status -z -uall [4ms]
2024-08-17 22:49:32.463 [info] > git for-each-ref --format=%(refname)%00%(upstream:short)%00%(objectname)%00%(upstream:track)%00%(upstream:remotename)%00%(upstream:remoteref) refs/heads/main refs/remotes/main [3ms]
2024-08-17 22:49:32.513 [info] > git config --local branch.main.vscode-merge-base [3ms]
2024-08-17 22:49:32.523 [info] > git for-each-ref --format=%(refname)%00%(upstream:short)%00%(objectname)%00%(upstream:track)%00%(upstream:remotename)%00%(upstream:remoteref) refs/heads/origin/main refs/remotes/origin/main [6ms]
2024-08-17 22:49:42.092 [info] > git show --textconv :main.py [3ms]
2024-08-17 22:49:42.093 [info] > git ls-files --stage -- /root/workspace/github.com/Admiral-Kizaru/bookbot/main.py [2ms]
2024-08-17 22:51:22.375 [info] > git config --get commit.template [5ms]
2024-08-17 22:51:22.376 [info] > git for-each-ref --format=%(refname)%00%(upstream:short)%00%(objectname)%00%(upstream:track)%00%(upstream:remotename)%00%(upstream:remoteref) refs/heads/main refs/remotes/main [3ms]
2024-08-17 22:51:22.385 [info] > git status -z -uall [4ms]
2024-08-17 22:51:22.392 [info] > git for-each-ref --format=%(refname)%00%(upstream:short)%00%(objectname)%00%(upstream:track)%00%(upstream:remotename)%00%(upstream:remoteref) refs/heads/main refs/remotes/main [2ms]
2024-08-17 22:51:22.399 [info] > git config --local branch.main.vscode-merge-base [2ms]
2024-08-17 22:51:22.404 [info] > git for-each-ref --format=%(refname)%00%(upstream:short)%00%(objectname)%00%(upstream:track)%00%(upstream:remotename)%00%(upstream:remoteref) refs/heads/origin/main refs/remotes/origin/main [1ms]
2024-08-17 22:52:32.924 [info] > git fetch [458ms]
2024-08-17 22:52:32.929 [info] > git config --get commit.template [2ms]
2024-08-17 22:52:32.932 [info] > git for-each-ref --format=%(refname)%00%(upstream:short)%00%(objectname)%00%(upstream:track)%00%(upstream:remotename)%00%(upstream:remoteref) refs/heads/main refs/remotes/main [1ms]
2024-08-17 22:52:32.936 [info] > git status -z -uall [1ms]
2024-08-17 22:52:32.939 [info] > git for-each-ref --format=%(refname)%00%(upstream:short)%00%(objectname)%00%(upstream:track)%00%(upstream:remotename)%00%(upstream:remoteref) refs/heads/main refs/remotes/main [1ms]
2024-08-17 22:52:32.943 [info] > git config --local branch.main.vscode-merge-base [2ms]
2024-08-17 22:52:32.946 [info] > git for-each-ref --format=%(refname)%00%(upstream:short)%00%(objectname)%00%(upstream:track)%00%(upstream:remotename)%00%(upstream:remoteref) refs/heads/origin/main refs/remotes/origin/main [1ms]
2024-08-17 22:52:34.058 [info] > git config --get commit.template [3ms]
2024-08-17 22:52:34.058 [info] > git for-each-ref --format=%(refname)%00%(upstream:short)%00%(objectname)%00%(upstream:track)%00%(upstream:remotename)%00%(upstream:remoteref) refs/heads/main refs/remotes/main [1ms]
2024-08-17 22:52:34.062 [info] > git status -z -uall [1ms]
2024-08-17 22:52:34.067 [info] > git for-each-ref --format=%(refname)%00%(upstream:short)%00%(objectname)%00%(upstream:track)%00%(upstream:remotename)%00%(upstream:remoteref) refs/heads/main refs/remotes/main [2ms]
2024-08-17 22:52:34.070 [info] > git config --local branch.main.vscode-merge-base [1ms]
2024-08-17 22:52:34.073 [info] > git for-each-ref --format=%(refname)%00%(upstream:short)%00%(objectname)%00%(upstream:track)%00%(upstream:remotename)%00%(upstream:remoteref) refs/heads/origin/main refs/remotes/origin/main [1ms]
2024-08-17 22:52:34.179 [info] > git ls-files --stage -- /root/workspace/github.com/Admiral-Kizaru/bookbot/main.py [1ms]
2024-08-17 22:52:34.229 [info] > git show --textconv :main.py [1ms]
2024-08-17 22:55:33.438 [info] > git fetch [495ms]
2024-08-17 22:55:33.448 [info] > git config --get commit.template [5ms]
2024-08-17 22:55:33.448 [info] > git for-each-ref --format=%(refname)%00%(upstream:short)%00%(objectname)%00%(upstream:track)%00%(upstream:remotename)%00%(upstream:remoteref) refs/heads/main refs/remotes/main [2ms]
2024-08-17 22:55:33.454 [info] > git status -z -uall [2ms]
2024-08-17 22:55:33.460 [info] > git for-each-ref --format=%(refname)%00%(upstream:short)%00%(objectname)%00%(upstream:track)%00%(upstream:remotename)%00%(upstream:remoteref) refs/heads/main refs/remotes/main [2ms]
2024-08-17 22:55:33.465 [info] > git config --local branch.main.vscode-merge-base [1ms]
2024-08-17 22:55:33.468 [info] > git for-each-ref --format=%(refname)%00%(upstream:short)%00%(objectname)%00%(upstream:track)%00%(upstream:remotename)%00%(upstream:remoteref) refs/heads/origin/main refs/remotes/origin/main [1ms]
2024-08-17 22:55:38.117 [info] > git config --get commit.template [8ms]
2024-08-17 22:55:38.123 [info] > git for-each-ref --format=%(refname)%00%(upstream:short)%00%(objectname)%00%(upstream:track)%00%(upstream:remotename)%00%(upstream:remoteref) refs/heads/main refs/remotes/main [7ms]
2024-08-17 22:55:38.124 [info] > git ls-files --stage -- /root/workspace/github.com/Admiral-Kizaru/bookbot/main.py [1ms]
2024-08-17 22:55:38.130 [info] > git status -z -uall [2ms]
2024-08-17 22:55:38.140 [info] > git for-each-ref --format=%(refname)%00%(upstream:short)%00%(objectname)%00%(upstream:track)%00%(upstream:remotename)%00%(upstream:remoteref) refs/heads/main refs/remotes/main [6ms]
2024-08-17 22:55:38.144 [info] > git show --textconv :main.py [4ms]
2024-08-17 22:55:38.145 [info] > git config --local branch.main.vscode-merge-base [2ms]
2024-08-17 22:55:38.150 [info] > git for-each-ref --format=%(refname)%00%(upstream:short)%00%(objectname)%00%(upstream:track)%00%(upstream:remotename)%00%(upstream:remoteref) refs/heads/origin/main refs/remotes/origin/main [1ms]
2024-08-17 22:55:48.442 [info] > git config --get commit.template [4ms]
2024-08-17 22:55:48.443 [info] > git for-each-ref --format=%(refname)%00%(upstream:short)%00%(objectname)%00%(upstream:track)%00%(upstream:remotename)%00%(upstream:remoteref) refs/heads/main refs/remotes/main [2ms]
2024-08-17 22:55:48.448 [info] > git status -z -uall [1ms]
2024-08-17 22:55:48.454 [info] > git for-each-ref --format=%(refname)%00%(upstream:short)%00%(objectname)%00%(upstream:track)%00%(upstream:remotename)%00%(upstream:remoteref) refs/heads/main refs/remotes/main [2ms]
2024-08-17 22:55:48.459 [info] > git config --local branch.main.vscode-merge-base [1ms]
2024-08-17 22:55:48.463 [info] > git for-each-ref --format=%(refname)%00%(upstream:short)%00%(objectname)%00%(upstream:track)%00%(upstream:remotename)%00%(upstream:remoteref) refs/heads/origin/main refs/remotes/origin/main [1ms]
2024-08-17 22:57:21.809 [info] > git merge-base refs/heads/main refs/remotes/origin/main [2ms]
2024-08-17 22:57:21.822 [info] > git log --format=%H%n%aN%n%aE%n%at%n%ct%n%P%n%D%n%B -z --shortstat --diff-merges=first-parent 38f1e1c8c3f1ea194b3029a9270a7ae00a40f051.. --topo-order --decorate=full refs/heads/main refs/remotes/origin/main [3ms]
2024-08-17 22:57:21.823 [info] > git show -s --decorate=full --shortstat --format=%H%n%aN%n%aE%n%at%n%ct%n%P%n%D%n%B -z 38f1e1c8c3f1ea194b3029a9270a7ae00a40f051 [7ms]
2024-08-17 22:57:21.925 [info] > git merge-base refs/heads/main refs/remotes/origin/main [20ms]
2024-08-17 22:57:21.941 [info] > git show -s --decorate=full --shortstat --format=%H%n%aN%n%aE%n%at%n%ct%n%P%n%D%n%B -z 38f1e1c8c3f1ea194b3029a9270a7ae00a40f051 [5ms]
2024-08-17 22:57:21.942 [info] > git log --format=%H%n%aN%n%aE%n%at%n%ct%n%P%n%D%n%B -z --shortstat --diff-merges=first-parent 38f1e1c8c3f1ea194b3029a9270a7ae00a40f051.. --topo-order --decorate=full refs/heads/main refs/remotes/origin/main [2ms]
2024-08-17 22:58:23.163 [info] > git show --textconv HEAD:frankenstein.txt [6ms]
2024-08-17 22:58:23.164 [info] > git ls-tree -l HEAD -- /root/workspace/github.com/Admiral-Kizaru/bookbot/frankenstein.txt [2ms]
2024-08-17 22:58:25.994 [info] > git show --textconv HEAD:main.py [7ms]
2024-08-17 22:58:25.995 [info] > git ls-tree -l HEAD -- /root/workspace/github.com/Admiral-Kizaru/bookbot/main.py [4ms]
2024-08-17 22:58:32.937 [info] > git ls-tree -l HEAD -- /root/workspace/github.com/Admiral-Kizaru/bookbot/main.py [1ms]
2024-08-17 22:58:33.948 [info] > git fetch [484ms]
2024-08-17 22:58:33.957 [info] > git config --get commit.template [4ms]
2024-08-17 22:58:33.957 [info] > git for-each-ref --format=%(refname)%00%(upstream:short)%00%(objectname)%00%(upstream:track)%00%(upstream:remotename)%00%(upstream:remoteref) refs/heads/main refs/remotes/main [2ms]
2024-08-17 22:58:33.964 [info] > git status -z -uall [2ms]
2024-08-17 22:58:33.970 [info] > git for-each-ref --format=%(refname)%00%(upstream:short)%00%(objectname)%00%(upstream:track)%00%(upstream:remotename)%00%(upstream:remoteref) refs/heads/main refs/remotes/main [2ms]
2024-08-17 22:58:33.974 [info] > git config --local branch.main.vscode-merge-base [1ms]
2024-08-17 22:58:33.980 [info] > git for-each-ref --format=%(refname)%00%(upstream:short)%00%(objectname)%00%(upstream:track)%00%(upstream:remotename)%00%(upstream:remoteref) refs/heads/origin/main refs/remotes/origin/main [1ms]
2024-08-17 23:00:28.402 [info] > git config --get commit.template [8ms]
2024-08-17 23:00:28.405 [info] > git for-each-ref --format=%(refname)%00%(upstream:short)%00%(objectname)%00%(upstream:track)%00%(upstream:remotename)%00%(upstream:remoteref) refs/heads/main refs/remotes/main [4ms]
2024-08-17 23:00:28.406 [info] > git ls-tree -l HEAD -- /root/workspace/github.com/Admiral-Kizaru/bookbot/main.py [19ms]
2024-08-17 23:00:28.415 [info] > git status -z -uall [4ms]
2024-08-17 23:00:28.440 [info] > git for-each-ref --format=%(refname)%00%(upstream:short)%00%(objectname)%00%(upstream:track)%00%(upstream:remotename)%00%(upstream:remoteref) refs/heads/main refs/remotes/main [17ms]
2024-08-17 23:00:28.449 [info] > git show --textconv HEAD:main.py [9ms]
2024-08-17 23:00:28.449 [info] > git ls-tree -l HEAD -- /root/workspace/github.com/Admiral-Kizaru/bookbot/main.py [19ms]
2024-08-17 23:00:28.450 [info] > git config --local branch.main.vscode-merge-base [4ms]
2024-08-17 23:00:28.463 [info] > git for-each-ref --format=%(refname)%00%(upstream:short)%00%(objectname)%00%(upstream:track)%00%(upstream:remotename)%00%(upstream:remoteref) refs/heads/origin/main refs/remotes/origin/main [8ms]
2024-08-17 23:00:28.465 [info] > git show --textconv HEAD:main.py [2ms]
2024-08-17 23:00:33.435 [info] > git config --get commit.template [4ms]
2024-08-17 23:00:33.435 [info] > git for-each-ref --format=%(refname)%00%(upstream:short)%00%(objectname)%00%(upstream:track)%00%(upstream:remotename)%00%(upstream:remoteref) refs/heads/main refs/remotes/main [1ms]
2024-08-17 23:00:33.440 [info] > git status -z -uall [1ms]
2024-08-17 23:00:33.447 [info] > git for-each-ref --format=%(refname)%00%(upstream:short)%00%(objectname)%00%(upstream:track)%00%(upstream:remotename)%00%(upstream:remoteref) refs/heads/main refs/remotes/main [2ms]
2024-08-17 23:00:33.453 [info] > git config --local branch.main.vscode-merge-base [2ms]
2024-08-17 23:00:33.457 [info] > git for-each-ref --format=%(refname)%00%(upstream:short)%00%(objectname)%00%(upstream:track)%00%(upstream:remotename)%00%(upstream:remoteref) refs/heads/origin/main refs/remotes/origin/main [1ms]
2024-08-17 23:01:14.224 [info] > git ls-tree -l HEAD -- /root/workspace/github.com/Admiral-Kizaru/bookbot/main.py [3ms]
2024-08-17 23:01:20.319 [info] > git ls-tree -l HEAD -- /root/workspace/github.com/Admiral-Kizaru/bookbot/main.py [1ms]
2024-08-17 23:01:20.381 [info] > git add -A -- . [24ms]
2024-08-17 23:01:20.844 [info] > git show --textconv :.git/COMMIT_EDITMSG [5ms]
2024-08-17 23:01:20.845 [info] > git ls-files --stage -- /root/workspace/github.com/Admiral-Kizaru/bookbot/.git/COMMIT_EDITMSG [2ms]
2024-08-17 23:01:21.116 [info] > git check-ignore -v -z --stdin [1ms]
2024-08-17 23:01:21.707 [info] > git ls-tree -l HEAD -- /root/workspace/github.com/Admiral-Kizaru/bookbot/main.py [3ms]
2024-08-17 23:01:21.708 [info] > git ls-files --stage -- /root/workspace/github.com/Admiral-Kizaru/bookbot/.git/COMMIT_EDITMSG [1ms]
2024-08-17 23:01:21.767 [info] > git show --textconv HEAD:main.py [6ms]
2024-08-17 23:01:21.767 [info] > git show --textconv :.git/COMMIT_EDITMSG [1ms]
2024-08-17 23:02:27.304 [info] > git ls-tree -l HEAD -- /root/workspace/github.com/Admiral-Kizaru/bookbot/main.py [3ms]
2024-08-17 23:02:27.338 [info] > git -c user.useConfigOnly=true commit --quiet [66954ms]
2024-08-17 23:02:27.347 [info] > git config --get commit.template [4ms]
2024-08-17 23:02:27.349 [info] > git for-each-ref --format=%(refname)%00%(upstream:short)%00%(objectname)%00%(upstream:track)%00%(upstream:remotename)%00%(upstream:remoteref) refs/heads/main refs/remotes/main [3ms]
2024-08-17 23:02:27.357 [info] > git status -z -uall [2ms]
2024-08-17 23:02:27.380 [info] > git for-each-ref --format=%(refname)%00%(upstream:short)%00%(objectname)%00%(upstream:track)%00%(upstream:remotename)%00%(upstream:remoteref) refs/heads/main refs/remotes/main [18ms]
2024-08-17 23:02:27.385 [info] > git config --local branch.main.vscode-merge-base [1ms]
2024-08-17 23:02:27.391 [info] > git for-each-ref --format=%(refname)%00%(upstream:short)%00%(objectname)%00%(upstream:track)%00%(upstream:remotename)%00%(upstream:remoteref) refs/heads/origin/main refs/remotes/origin/main [1ms]
2024-08-17 23:02:27.397 [info] > git merge-base refs/heads/main refs/remotes/origin/main [1ms]
2024-08-17 23:02:27.403 [info] > git rev-list --count --left-right refs/heads/main...refs/remotes/origin/main [2ms]
2024-08-17 23:02:27.409 [info] > git diff --name-status -z --diff-filter=ADMR 38f1e1c8c3f1ea194b3029a9270a7ae00a40f051...refs/remotes/origin/main [2ms]
2024-08-17 23:02:27.531 [info] > git merge-base refs/heads/main refs/remotes/origin/main [2ms]
2024-08-17 23:02:27.547 [info] > git show -s --decorate=full --shortstat --format=%H%n%aN%n%aE%n%at%n%ct%n%P%n%D%n%B -z 38f1e1c8c3f1ea194b3029a9270a7ae00a40f051 [7ms]
2024-08-17 23:02:27.552 [info] > git log --format=%H%n%aN%n%aE%n%at%n%ct%n%P%n%D%n%B -z --shortstat --diff-merges=first-parent 38f1e1c8c3f1ea194b3029a9270a7ae00a40f051.. --topo-order --decorate=full refs/heads/main refs/remotes/origin/main [6ms]
2024-08-17 23:02:27.967 [info] > git fetch [596ms]
2024-08-17 23:02:27.976 [info] > git config --get commit.template [4ms]
2024-08-17 23:02:27.977 [info] > git for-each-ref --format=%(refname)%00%(upstream:short)%00%(objectname)%00%(upstream:track)%00%(upstream:remotename)%00%(upstream:remoteref) refs/heads/main refs/remotes/main [1ms]
2024-08-17 23:02:27.982 [info] > git status -z -uall [1ms]
2024-08-17 23:02:27.988 [info] > git for-each-ref --format=%(refname)%00%(upstream:short)%00%(objectname)%00%(upstream:track)%00%(upstream:remotename)%00%(upstream:remoteref) refs/heads/main refs/remotes/main [2ms]
2024-08-17 23:02:27.993 [info] > git config --local branch.main.vscode-merge-base [1ms]
2024-08-17 23:02:28.001 [info] > git for-each-ref --format=%(refname)%00%(upstream:short)%00%(objectname)%00%(upstream:track)%00%(upstream:remotename)%00%(upstream:remoteref) refs/heads/origin/main refs/remotes/origin/main [2ms]
2024-08-17 23:02:30.050 [info] > git ls-tree -l HEAD -- /root/workspace/github.com/Admiral-Kizaru/bookbot/main.py [1ms]
2024-08-17 23:02:30.071 [info] > git ls-tree -l HEAD -- /root/workspace/github.com/Admiral-Kizaru/bookbot/main.py [7ms]
2024-08-17 23:02:30.071 [info] > git show --textconv HEAD:main.py [2ms]
2024-08-17 23:02:30.122 [info] > git show --textconv HEAD:main.py [2ms]
2024-08-17 23:02:49.161 [info] > git ls-tree -l HEAD -- /root/workspace/github.com/Admiral-Kizaru/bookbot/main.py [4ms]
2024-08-17 23:02:50.793 [info] > git push origin main:main [23415ms]
2024-08-17 23:02:50.793 [info] To https://github.com/Admiral-Kizaru/bookbot
   38f1e1c..17e0830  main -> main
2024-08-17 23:02:50.800 [info] > git config --get commit.template [3ms]
2024-08-17 23:02:50.801 [info] > git for-each-ref --format=%(refname)%00%(upstream:short)%00%(objectname)%00%(upstream:track)%00%(upstream:remotename)%00%(upstream:remoteref) refs/heads/main refs/remotes/main [1ms]
2024-08-17 23:02:50.805 [info] > git status -z -uall [1ms]
2024-08-17 23:02:50.814 [info] > git for-each-ref --format=%(refname)%00%(upstream:short)%00%(objectname)%00%(upstream:track)%00%(upstream:remotename)%00%(upstream:remoteref) refs/heads/main refs/remotes/main [5ms]
2024-08-17 23:02:50.820 [info] > git config --local branch.main.vscode-merge-base [1ms]
2024-08-17 23:02:50.826 [info] > git for-each-ref --format=%(refname)%00%(upstream:short)%00%(objectname)%00%(upstream:track)%00%(upstream:remotename)%00%(upstream:remoteref) refs/heads/origin/main refs/remotes/origin/main [2ms]
2024-08-17 23:02:50.832 [info] > git merge-base refs/heads/main refs/remotes/origin/main [2ms]
2024-08-17 23:02:50.838 [info] > git rev-list --count --left-right refs/heads/main...refs/remotes/origin/main [2ms]
2024-08-17 23:02:50.848 [info] > git diff --name-status -z --diff-filter=ADMR 17e0830c70a72dda634646f2fb400b2348046ca2...refs/remotes/origin/main [3ms]
2024-08-17 23:02:50.865 [info] > git merge-base refs/heads/main refs/remotes/origin/main [8ms]
2024-08-17 23:02:50.866 [info] > git config --get commit.template [1ms]
2024-08-17 23:02:50.872 [info] > git for-each-ref --format=%(refname)%00%(upstream:short)%00%(objectname)%00%(upstream:track)%00%(upstream:remotename)%00%(upstream:remoteref) refs/heads/main refs/remotes/main [2ms]
2024-08-17 23:02:50.877 [info] > git status -z -uall [1ms]
2024-08-17 23:02:50.889 [info] > git for-each-ref --format=%(refname)%00%(upstream:short)%00%(objectname)%00%(upstream:track)%00%(upstream:remotename)%00%(upstream:remoteref) refs/heads/main refs/remotes/main [8ms]
2024-08-17 23:02:50.909 [info] > git show -s --decorate=full --shortstat --format=%H%n%aN%n%aE%n%at%n%ct%n%P%n%D%n%B -z 17e0830c70a72dda634646f2fb400b2348046ca2 [4ms]
2024-08-17 23:02:50.910 [info] > git config --local branch.main.vscode-merge-base [13ms]
2024-08-17 23:02:50.916 [info] > git log --format=%H%n%aN%n%aE%n%at%n%ct%n%P%n%D%n%B -z --shortstat --diff-merges=first-parent 17e0830c70a72dda634646f2fb400b2348046ca2.. --topo-order --decorate=full refs/heads/main refs/remotes/origin/main [9ms]
2024-08-17 23:02:50.917 [info] > git for-each-ref --format=%(refname)%00%(upstream:short)%00%(objectname)%00%(upstream:track)%00%(upstream:remotename)%00%(upstream:remoteref) refs/heads/origin/main refs/remotes/origin/main [2ms]
2024-08-17 23:02:51.981 [info] > git config --get commit.template [1ms]
2024-08-17 23:02:51.988 [info] > git for-each-ref --format=%(refname)%00%(upstream:short)%00%(objectname)%00%(upstream:track)%00%(upstream:remotename)%00%(upstream:remoteref) refs/heads/main refs/remotes/main [2ms]
2024-08-17 23:02:51.994 [info] > git status -z -uall [1ms]
2024-08-17 23:02:52.000 [info] > git for-each-ref --format=%(refname)%00%(upstream:short)%00%(objectname)%00%(upstream:track)%00%(upstream:remotename)%00%(upstream:remoteref) refs/heads/main refs/remotes/main [2ms]
2024-08-17 23:02:52.012 [info] > git config --local branch.main.vscode-merge-base [8ms]
2024-08-17 23:02:52.020 [info] > git for-each-ref --format=%(refname)%00%(upstream:short)%00%(objectname)%00%(upstream:track)%00%(upstream:remotename)%00%(upstream:remoteref) refs/heads/origin/main refs/remotes/origin/main [1ms]
2024-08-17 23:02:52.085 [info] > git ls-tree -l HEAD -- /root/workspace/github.com/Admiral-Kizaru/bookbot/main.py [2ms]
2024-08-17 23:02:52.094 [info] > git show --textconv HEAD:main.py [1ms]
2024-08-17 23:02:57.009 [info] > git config --get commit.template [4ms]
2024-08-17 23:02:57.009 [info] > git for-each-ref --format=%(refname)%00%(upstream:short)%00%(objectname)%00%(upstream:track)%00%(upstream:remotename)%00%(upstream:remoteref) refs/heads/main refs/remotes/main [1ms]
2024-08-17 23:02:57.015 [info] > git status -z -uall [2ms]
2024-08-17 23:02:57.021 [info] > git for-each-ref --format=%(refname)%00%(upstream:short)%00%(objectname)%00%(upstream:track)%00%(upstream:remotename)%00%(upstream:remoteref) refs/heads/main refs/remotes/main [2ms]
2024-08-17 23:02:57.026 [info] > git config --local branch.main.vscode-merge-base [1ms]
2024-08-17 23:02:57.035 [info] > git for-each-ref --format=%(refname)%00%(upstream:short)%00%(objectname)%00%(upstream:track)%00%(upstream:remotename)%00%(upstream:remoteref) refs/heads/origin/main refs/remotes/origin/main [5ms]
2024-08-17 23:57:19.493 [info] > git ls-tree -l HEAD -- /root/workspace/github.com/Admiral-Kizaru/bookbot/main.py [65ms]
2024-08-17 23:57:20.644 [info] > git fetch [1208ms]
2024-08-17 23:57:20.662 [info] > git config --get commit.template [9ms]
2024-08-17 23:57:20.662 [info] > git for-each-ref --format=%(refname)%00%(upstream:short)%00%(objectname)%00%(upstream:track)%00%(upstream:remotename)%00%(upstream:remoteref) refs/heads/main refs/remotes/main [2ms]
2024-08-17 23:57:20.676 [info] > git status -z -uall [4ms]
2024-08-17 23:57:20.702 [info] > git for-each-ref --format=%(refname)%00%(upstream:short)%00%(objectname)%00%(upstream:track)%00%(upstream:remotename)%00%(upstream:remoteref) refs/heads/main refs/remotes/main [11ms]
2024-08-17 23:57:20.710 [info] > git config --local branch.main.vscode-merge-base [1ms]
2024-08-17 23:57:20.716 [info] > git for-each-ref --format=%(refname)%00%(upstream:short)%00%(objectname)%00%(upstream:track)%00%(upstream:remotename)%00%(upstream:remoteref) refs/heads/origin/main refs/remotes/origin/main [1ms]
